/Users/binzhang/gitlabCode/startmanagement/qtalk_background_management/qtalk-background-management-web/src/main/java/com/qunar/qtalk/management/common/AppConfig.java
/Users/binzhang/gitlabCode/startmanagement/qtalk_background_management/qtalk-background-management-web/src/main/java/com/qunar/qtalk/management/common/model/Application.java
/Users/binzhang/gitlabCode/startmanagement/qtalk_background_management/qtalk-background-management-web/src/main/java/com/qunar/qtalk/management/vo/FindApplicationReqVo.java
/Users/binzhang/gitlabCode/startmanagement/qtalk_background_management/qtalk-background-management-web/src/main/java/com/qunar/qtalk/management/mapper/QtalkHostInfoMapper.java
/Users/binzhang/gitlabCode/startmanagement/qtalk_background_management/qtalk-background-management-web/src/main/java/com/qunar/qtalk/management/common/SpringHelper.java
/Users/binzhang/gitlabCode/startmanagement/qtalk_background_management/qtalk-background-management-web/src/main/java/com/qunar/qtalk/management/common/holder/Holder.java
/Users/binzhang/gitlabCode/startmanagement/qtalk_background_management/qtalk-background-management-web/src/main/java/com/qunar/qtalk/management/common/model/FindReturnModel.java
/Users/binzhang/gitlabCode/startmanagement/qtalk_background_management/qtalk-background-management-web/src/main/java/com/qunar/qtalk/management/common/exception/MySQLException.java
/Users/binzhang/gitlabCode/startmanagement/qtalk_background_management/qtalk-background-management-web/src/main/java/com/qunar/qtalk/management/common/util/Assert.java
/Users/binzhang/gitlabCode/startmanagement/qtalk_background_management/qtalk-background-management-web/src/main/java/com/qunar/qtalk/management/common/util/IPUtils.java
/Users/binzhang/gitlabCode/startmanagement/qtalk_background_management/qtalk-background-management-web/src/main/java/com/qunar/qtalk/management/service/QtalkUserService.java
/Users/binzhang/gitlabCode/startmanagement/qtalk_background_management/qtalk-background-management-web/src/main/java/com/qunar/qtalk/management/common/util/PostStatusUtils.java
/Users/binzhang/gitlabCode/startmanagement/qtalk_background_management/qtalk-background-management-web/src/main/java/com/qunar/qtalk/management/common/concurrent/BaseThread.java
/Users/binzhang/gitlabCode/startmanagement/qtalk_background_management/qtalk-background-management-web/src/main/java/com/qunar/qtalk/management/common/util/HttpClientUtils.java
/Users/binzhang/gitlabCode/startmanagement/qtalk_background_management/qtalk-background-management-web/src/main/java/com/qunar/qtalk/management/common/dto/QtalkUserModel.java
/Users/binzhang/gitlabCode/startmanagement/qtalk_background_management/qtalk-background-management-web/src/main/java/com/qunar/qtalk/management/common/util/AESedeUtils.java
/Users/binzhang/gitlabCode/startmanagement/qtalk_background_management/qtalk-background-management-web/src/main/java/com/qunar/qtalk/management/common/config/DozerConfig.java
/Users/binzhang/gitlabCode/startmanagement/qtalk_background_management/qtalk-background-management-web/src/main/java/com/qunar/qtalk/management/vo/FindNavigationReqVo.java
/Users/binzhang/gitlabCode/startmanagement/qtalk_background_management/qtalk-background-management-web/src/main/java/com/qunar/qtalk/management/web/controller/OrganStructureController.java
/Users/binzhang/gitlabCode/startmanagement/qtalk_background_management/qtalk-background-management-web/src/main/java/com/qunar/qtalk/management/common/config/DataSourceConfig.java
/Users/binzhang/gitlabCode/startmanagement/qtalk_background_management/qtalk-background-management-web/src/main/java/com/qunar/qtalk/management/common/BaseCode.java
/Users/binzhang/gitlabCode/startmanagement/qtalk_background_management/qtalk-background-management-web/src/main/java/com/qunar/qtalk/management/common/datasource/DynamicDataSourceAspect.java
/Users/binzhang/gitlabCode/startmanagement/qtalk_background_management/qtalk-background-management-web/src/main/java/com/qunar/qtalk/management/common/AppInitEvent.java
/Users/binzhang/gitlabCode/startmanagement/qtalk_background_management/qtalk-background-management-web/src/main/java/com/qunar/qtalk/management/common/util/TelUtil.java
/Users/binzhang/gitlabCode/startmanagement/qtalk_background_management/qtalk-background-management-web/src/main/java/com/qunar/qtalk/management/common/model/ApplicationReturnModel.java
/Users/binzhang/gitlabCode/startmanagement/qtalk_background_management/qtalk-background-management-web/src/main/java/com/qunar/qtalk/management/common/util/JacksonUtils.java
/Users/binzhang/gitlabCode/startmanagement/qtalk_background_management/qtalk-background-management-web/src/main/java/com/qunar/qtalk/management/common/model/FindManageAppModel.java
/Users/binzhang/gitlabCode/startmanagement/qtalk_background_management/qtalk-background-management-web/src/main/java/com/qunar/qtalk/management/common/consts/HttpConstants.java
/Users/binzhang/gitlabCode/startmanagement/qtalk_background_management/qtalk-background-management-web/src/main/java/com/qunar/qtalk/management/common/util/CustomCollectionUtils.java
/Users/binzhang/gitlabCode/startmanagement/qtalk_background_management/qtalk-background-management-web/src/main/java/com/qunar/qtalk/management/web/interceptor/CookieInterceptor.java
/Users/binzhang/gitlabCode/startmanagement/qtalk_background_management/qtalk-background-management-web/src/main/java/com/qunar/qtalk/management/common/util/DozerUtils.java
/Users/binzhang/gitlabCode/startmanagement/qtalk_background_management/qtalk-background-management-web/src/main/java/com/qunar/qtalk/management/common/util/CookieAuthUtils.java
/Users/binzhang/gitlabCode/startmanagement/qtalk_background_management/qtalk-background-management-web/src/main/java/com/qunar/qtalk/management/QtalkManagementApplication.java
/Users/binzhang/gitlabCode/startmanagement/qtalk_background_management/qtalk-background-management-web/src/main/java/com/qunar/qtalk/management/common/config/DubboConfig.java
/Users/binzhang/gitlabCode/startmanagement/qtalk_background_management/qtalk-background-management-web/src/main/java/com/qunar/qtalk/management/service/DownloadFileService.java
/Users/binzhang/gitlabCode/startmanagement/qtalk_background_management/qtalk-background-management-web/src/main/java/com/qunar/qtalk/management/common/util/ExecutorUtils.java
/Users/binzhang/gitlabCode/startmanagement/qtalk_background_management/qtalk-background-management-web/src/main/java/com/qunar/qtalk/management/web/interceptor/CustomInterceptor.java
/Users/binzhang/gitlabCode/startmanagement/qtalk_background_management/qtalk-background-management-web/src/main/java/com/qunar/qtalk/management/mapper/QtalkFindMapper.java
/Users/binzhang/gitlabCode/startmanagement/qtalk_background_management/qtalk-background-management-web/src/main/java/com/qunar/qtalk/management/common/util/DateUtils.java
/Users/binzhang/gitlabCode/startmanagement/qtalk_background_management/qtalk-background-management-web/src/main/java/com/qunar/qtalk/management/common/util/Base64Utils.java
/Users/binzhang/gitlabCode/startmanagement/qtalk_background_management/qtalk-background-management-web/src/main/java/com/qunar/qtalk/management/common/util/CommonUtil.java
/Users/binzhang/gitlabCode/startmanagement/qtalk_background_management/qtalk-background-management-web/src/main/java/com/qunar/qtalk/management/common/exception/TaskException.java
/Users/binzhang/gitlabCode/startmanagement/qtalk_background_management/qtalk-background-management-web/src/main/java/com/qunar/qtalk/management/common/concurrent/ThreadPoolConfig.java
/Users/binzhang/gitlabCode/startmanagement/qtalk_background_management/qtalk-background-management-web/src/main/java/com/qunar/qtalk/management/common/dto/HostInfoModel.java
/Users/binzhang/gitlabCode/startmanagement/qtalk_background_management/qtalk-background-management-web/src/main/java/com/qunar/qtalk/management/common/util/IDUtils.java
/Users/binzhang/gitlabCode/startmanagement/qtalk_background_management/qtalk-background-management-web/src/main/java/com/qunar/qtalk/management/common/holder/UserHolder.java
/Users/binzhang/gitlabCode/startmanagement/qtalk_background_management/qtalk-background-management-web/src/main/java/com/qunar/qtalk/management/common/util/HttpUtils.java
/Users/binzhang/gitlabCode/startmanagement/qtalk_background_management/qtalk-background-management-web/src/main/java/com/qunar/qtalk/management/common/config/ContextConfig.java
/Users/binzhang/gitlabCode/startmanagement/qtalk_background_management/qtalk-background-management-web/src/main/java/com/qunar/qtalk/management/web/controller/StoreFileController.java
/Users/binzhang/gitlabCode/startmanagement/qtalk_background_management/qtalk-background-management-web/src/main/java/com/qunar/qtalk/management/common/exception/RedisOpsException.java
/Users/binzhang/gitlabCode/startmanagement/qtalk_background_management/qtalk-background-management-web/src/main/java/com/qunar/qtalk/management/common/util/StreamUtils.java
/Users/binzhang/gitlabCode/startmanagement/qtalk_background_management/qtalk-background-management-web/src/main/java/com/qunar/qtalk/management/common/concurrent/CamelThreadFactory.java
/Users/binzhang/gitlabCode/startmanagement/qtalk_background_management/qtalk-background-management-web/src/main/java/com/qunar/qtalk/management/common/util/Md5CaculateUtil.java
/Users/binzhang/gitlabCode/startmanagement/qtalk_background_management/qtalk-background-management-web/src/main/java/com/qunar/qtalk/management/web/interceptor/TraceInterceptor.java
/Users/binzhang/gitlabCode/startmanagement/qtalk_background_management/qtalk-background-management-web/src/main/java/com/qunar/qtalk/management/common/consts/FindApplicitionType.java
/Users/binzhang/gitlabCode/startmanagement/qtalk_background_management/qtalk-background-management-web/src/main/java/com/qunar/qtalk/management/common/model/FindManageClassModel.java
/Users/binzhang/gitlabCode/startmanagement/qtalk_background_management/qtalk-background-management-web/src/main/java/com/qunar/qtalk/management/common/model/ApplicationGroup.java
/Users/binzhang/gitlabCode/startmanagement/qtalk_background_management/qtalk-background-management-web/src/main/java/com/qunar/qtalk/management/mapper/StartalkRoleMapper.java
/Users/binzhang/gitlabCode/startmanagement/qtalk_background_management/qtalk-background-management-web/src/main/java/com/qunar/qtalk/management/common/result/JsonResult.java
/Users/binzhang/gitlabCode/startmanagement/qtalk_background_management/qtalk-background-management-web/src/main/java/com/qunar/qtalk/management/mapper/ApplicationMapper.java
/Users/binzhang/gitlabCode/startmanagement/qtalk_background_management/qtalk-background-management-web/src/main/java/com/qunar/qtalk/management/common/exception/EventException.java
/Users/binzhang/gitlabCode/startmanagement/qtalk_background_management/qtalk-background-management-web/src/main/java/com/qunar/qtalk/management/common/datasource/DynamicDataSource.java
/Users/binzhang/gitlabCode/startmanagement/qtalk_background_management/qtalk-background-management-web/src/main/java/com/qunar/qtalk/management/service/UploadFileService.java
/Users/binzhang/gitlabCode/startmanagement/qtalk_background_management/qtalk-background-management-web/src/main/java/com/qunar/qtalk/management/common/model/StartalkRoleModel.java
/Users/binzhang/gitlabCode/startmanagement/qtalk_background_management/qtalk-background-management-web/src/main/java/com/qunar/qtalk/management/service/QtalkFindService.java
/Users/binzhang/gitlabCode/startmanagement/qtalk_background_management/qtalk-background-management-web/src/main/java/com/qunar/qtalk/management/common/util/MD5Utils.java
/Users/binzhang/gitlabCode/startmanagement/qtalk_background_management/qtalk-background-management-web/src/main/java/com/qunar/qtalk/management/common/handler/GlobalExceptionHandler.java
/Users/binzhang/gitlabCode/startmanagement/qtalk_background_management/qtalk-background-management-web/src/main/java/com/qunar/qtalk/management/common/model/OrgaStructure.java
/Users/binzhang/gitlabCode/startmanagement/qtalk_background_management/qtalk-background-management-web/src/main/java/com/qunar/qtalk/management/web/controller/FindApplicationController.java
/Users/binzhang/gitlabCode/startmanagement/qtalk_background_management/qtalk-background-management-web/src/main/java/com/qunar/qtalk/management/common/datasource/TargetDataSource.java
/Users/binzhang/gitlabCode/startmanagement/qtalk_background_management/qtalk-background-management-web/src/main/java/com/qunar/qtalk/management/common/util/CookieUtils.java
/Users/binzhang/gitlabCode/startmanagement/qtalk_background_management/qtalk-background-management-web/src/main/java/com/qunar/qtalk/management/common/model/FindManageReturnModel.java
/Users/binzhang/gitlabCode/startmanagement/qtalk_background_management/qtalk-background-management-web/src/main/java/com/qunar/qtalk/management/common/consts/PlatformType.java
/Users/binzhang/gitlabCode/startmanagement/qtalk_background_management/qtalk-background-management-web/src/main/java/com/qunar/qtalk/management/common/exception/ParamUnlegalException.java
/Users/binzhang/gitlabCode/startmanagement/qtalk_background_management/qtalk-background-management-web/src/main/java/com/qunar/qtalk/management/common/util/JsonResultUtils.java
/Users/binzhang/gitlabCode/startmanagement/qtalk_background_management/qtalk-background-management-web/src/main/java/com/qunar/qtalk/management/mapper/QtalkUserMapper.java
/Users/binzhang/gitlabCode/startmanagement/qtalk_background_management/qtalk-background-management-web/src/main/java/com/qunar/qtalk/management/common/consts/ContextConsts.java
/Users/binzhang/gitlabCode/startmanagement/qtalk_background_management/qtalk-background-management-web/src/main/java/com/qunar/qtalk/management/common/util/PhotoUtils.java
